---
source: src/parser/parser.rs
description: a = False
---
Module {
    node: Node {
        start: 0,
        end: 9,
    },
    body: [
        AssignStatement(
            Assign {
                node: Node {
                    start: 0,
                    end: 9,
                },
                targets: [
                    Name(
                        Name {
                            node: Node {
                                start: 0,
                                end: 1,
                            },
                            id: "a",
                        },
                    ),
                ],
                value: Constant(
                    Constant {
                        node: Node {
                            start: 4,
                            end: 9,
                        },
                        value: Bool(
                            false,
                        ),
                    },
                ),
            },
        ),
    ],
}
