---
source: parser/src/lexer/lexer.rs
description: (a for a in b)
input_file: parser/test_data/inputs/one_liners/generator_expressions.py
---
[
    Token {
        kind: LeftParen,
        value: None,
        start: 0,
        end: 1,
    },
    Token {
        kind: Identifier,
        value: Str(
            "a",
        ),
        start: 1,
        end: 2,
    },
    Token {
        kind: For,
        value: None,
        start: 3,
        end: 6,
    },
    Token {
        kind: Identifier,
        value: Str(
            "a",
        ),
        start: 7,
        end: 8,
    },
    Token {
        kind: In,
        value: None,
        start: 9,
        end: 11,
    },
    Token {
        kind: Identifier,
        value: Str(
            "b",
        ),
        start: 12,
        end: 13,
    },
    Token {
        kind: RightParen,
        value: None,
        start: 13,
        end: 14,
    },
]
