---
source: parser/src/lexer/lexer.rs
description: "class a[T, *U]: pass"
input_file: parser/test_data/inputs/one_liners/class.py
---
[
    Token {
        kind: Class,
        value: None,
        start: 0,
        end: 5,
    },
    Token {
        kind: Identifier,
        value: Str(
            "a",
        ),
        start: 6,
        end: 7,
    },
    Token {
        kind: LeftBrace,
        value: None,
        start: 7,
        end: 8,
    },
    Token {
        kind: Identifier,
        value: Str(
            "T",
        ),
        start: 8,
        end: 9,
    },
    Token {
        kind: Comma,
        value: None,
        start: 9,
        end: 10,
    },
    Token {
        kind: Mul,
        value: None,
        start: 11,
        end: 12,
    },
    Token {
        kind: Identifier,
        value: Str(
            "U",
        ),
        start: 12,
        end: 13,
    },
    Token {
        kind: RightBrace,
        value: None,
        start: 13,
        end: 14,
    },
    Token {
        kind: Colon,
        value: None,
        start: 14,
        end: 15,
    },
    Token {
        kind: Pass,
        value: None,
        start: 16,
        end: 20,
    },
]
