---
source: parser/src/lexer/lexer.rs
description: 1 ** 2
input_file: parser/test_data/inputs/one_liners/binary_op.py
---
[
    Token {
        kind: Integer,
        value: Number(
            "1",
        ),
        start: 0,
        end: 1,
    },
    Token {
        kind: Pow,
        value: None,
        start: 2,
        end: 4,
    },
    Token {
        kind: Integer,
        value: Number(
            "2",
        ),
        start: 5,
        end: 6,
    },
]
