---
source: parser/src/parser/parser.rs
description: "(a,\n)"
---
Module {
    node: Node {
        start: 0,
        end: 5,
    },
    body: [
        ExpressionStatement(
            Tuple(
                Tuple {
                    node: Node {
                        start: 0,
                        end: 5,
                    },
                    elements: [
                        Name(
                            Name {
                                node: Node {
                                    start: 1,
                                    end: 2,
                                },
                                id: "a",
                            },
                        ),
                    ],
                },
            ),
        ),
    ],
}
