---
source: parser/src/parser/parser.rs
description: "test file: test_data/inputs/dict.py\n{a: b, c: d}\n\n{a: b,\nc: d},\n\n{a: b\n, c: d},\n\n{a: b,\nc: d,\n    e: f},\n\n{a: b,\n},\n\n{a: b, c: d,}\n\n{1: \"name\" for name in get_names()}\n\n{1: \"name\" for name in get_names()\n}\n\naggregated_key_stats[idx_stat] = {\n    **filter_value_NONE,\n    **filter_key_found,\n    **client_types,\n    **market_watch,\n    \"symbol\": symbol,\n    \"name\": name,\n}\n\ndi = {1: \"name\", **{2: \"name2\"}, 3: \"name3\"}\n"
---
Module {
    node: Node {
        start: 0,
        end: 383,
    },
    body: [
        ExpressionStatement(
            Dict(
                Dict {
                    node: Node {
                        start: 0,
                        end: 12,
                    },
                    keys: [
                        Name(
                            Name {
                                node: Node {
                                    start: 1,
                                    end: 2,
                                },
                                id: "a",
                            },
                        ),
                        Name(
                            Name {
                                node: Node {
                                    start: 7,
                                    end: 8,
                                },
                                id: "c",
                            },
                        ),
                    ],
                    values: [
                        Name(
                            Name {
                                node: Node {
                                    start: 4,
                                    end: 5,
                                },
                                id: "b",
                            },
                        ),
                        Name(
                            Name {
                                node: Node {
                                    start: 10,
                                    end: 11,
                                },
                                id: "d",
                            },
                        ),
                    ],
                },
            ),
        ),
        ExpressionStatement(
            Tuple(
                Tuple {
                    node: Node {
                        start: 14,
                        end: 27,
                    },
                    elements: [
                        Dict(
                            Dict {
                                node: Node {
                                    start: 14,
                                    end: 26,
                                },
                                keys: [
                                    Name(
                                        Name {
                                            node: Node {
                                                start: 15,
                                                end: 16,
                                            },
                                            id: "a",
                                        },
                                    ),
                                    Name(
                                        Name {
                                            node: Node {
                                                start: 21,
                                                end: 22,
                                            },
                                            id: "c",
                                        },
                                    ),
                                ],
                                values: [
                                    Name(
                                        Name {
                                            node: Node {
                                                start: 18,
                                                end: 19,
                                            },
                                            id: "b",
                                        },
                                    ),
                                    Name(
                                        Name {
                                            node: Node {
                                                start: 24,
                                                end: 25,
                                            },
                                            id: "d",
                                        },
                                    ),
                                ],
                            },
                        ),
                    ],
                },
            ),
        ),
        ExpressionStatement(
            Tuple(
                Tuple {
                    node: Node {
                        start: 29,
                        end: 43,
                    },
                    elements: [
                        Dict(
                            Dict {
                                node: Node {
                                    start: 29,
                                    end: 42,
                                },
                                keys: [
                                    Name(
                                        Name {
                                            node: Node {
                                                start: 30,
                                                end: 31,
                                            },
                                            id: "a",
                                        },
                                    ),
                                    Name(
                                        Name {
                                            node: Node {
                                                start: 37,
                                                end: 38,
                                            },
                                            id: "c",
                                        },
                                    ),
                                ],
                                values: [
                                    Name(
                                        Name {
                                            node: Node {
                                                start: 33,
                                                end: 34,
                                            },
                                            id: "b",
                                        },
                                    ),
                                    Name(
                                        Name {
                                            node: Node {
                                                start: 40,
                                                end: 41,
                                            },
                                            id: "d",
                                        },
                                    ),
                                ],
                            },
                        ),
                    ],
                },
            ),
        ),
        ExpressionStatement(
            Tuple(
                Tuple {
                    node: Node {
                        start: 45,
                        end: 68,
                    },
                    elements: [
                        Dict(
                            Dict {
                                node: Node {
                                    start: 45,
                                    end: 67,
                                },
                                keys: [
                                    Name(
                                        Name {
                                            node: Node {
                                                start: 46,
                                                end: 47,
                                            },
                                            id: "a",
                                        },
                                    ),
                                    Name(
                                        Name {
                                            node: Node {
                                                start: 52,
                                                end: 53,
                                            },
                                            id: "c",
                                        },
                                    ),
                                    Name(
                                        Name {
                                            node: Node {
                                                start: 62,
                                                end: 63,
                                            },
                                            id: "e",
                                        },
                                    ),
                                ],
                                values: [
                                    Name(
                                        Name {
                                            node: Node {
                                                start: 49,
                                                end: 50,
                                            },
                                            id: "b",
                                        },
                                    ),
                                    Name(
                                        Name {
                                            node: Node {
                                                start: 55,
                                                end: 56,
                                            },
                                            id: "d",
                                        },
                                    ),
                                    Name(
                                        Name {
                                            node: Node {
                                                start: 65,
                                                end: 66,
                                            },
                                            id: "f",
                                        },
                                    ),
                                ],
                            },
                        ),
                    ],
                },
            ),
        ),
        ExpressionStatement(
            Tuple(
                Tuple {
                    node: Node {
                        start: 70,
                        end: 79,
                    },
                    elements: [
                        Dict(
                            Dict {
                                node: Node {
                                    start: 70,
                                    end: 78,
                                },
                                keys: [
                                    Name(
                                        Name {
                                            node: Node {
                                                start: 71,
                                                end: 72,
                                            },
                                            id: "a",
                                        },
                                    ),
                                ],
                                values: [
                                    Name(
                                        Name {
                                            node: Node {
                                                start: 74,
                                                end: 75,
                                            },
                                            id: "b",
                                        },
                                    ),
                                ],
                            },
                        ),
                    ],
                },
            ),
        ),
        ExpressionStatement(
            Dict(
                Dict {
                    node: Node {
                        start: 81,
                        end: 94,
                    },
                    keys: [
                        Name(
                            Name {
                                node: Node {
                                    start: 82,
                                    end: 83,
                                },
                                id: "a",
                            },
                        ),
                        Name(
                            Name {
                                node: Node {
                                    start: 88,
                                    end: 89,
                                },
                                id: "c",
                            },
                        ),
                    ],
                    values: [
                        Name(
                            Name {
                                node: Node {
                                    start: 85,
                                    end: 86,
                                },
                                id: "b",
                            },
                        ),
                        Name(
                            Name {
                                node: Node {
                                    start: 91,
                                    end: 92,
                                },
                                id: "d",
                            },
                        ),
                    ],
                },
            ),
        ),
        ExpressionStatement(
            DictComp(
                DictComp {
                    node: Node {
                        start: 96,
                        end: 131,
                    },
                    key: Constant(
                        Constant {
                            node: Node {
                                start: 97,
                                end: 98,
                            },
                            value: Int,
                        },
                    ),
                    value: Constant(
                        Constant {
                            node: Node {
                                start: 100,
                                end: 106,
                            },
                            value: Str(
                                Single,
                            ),
                        },
                    ),
                    generators: [
                        Comprehension {
                            node: Node {
                                start: 107,
                                end: 130,
                            },
                            target: Name(
                                Name {
                                    node: Node {
                                        start: 111,
                                        end: 115,
                                    },
                                    id: "name",
                                },
                            ),
                            iter: Call(
                                Call {
                                    node: Node {
                                        start: 119,
                                        end: 130,
                                    },
                                    func: Name(
                                        Name {
                                            node: Node {
                                                start: 119,
                                                end: 128,
                                            },
                                            id: "get_names",
                                        },
                                    ),
                                    args: [],
                                    keywords: [],
                                    starargs: None,
                                    kwargs: None,
                                },
                            ),
                            ifs: [],
                            is_async: false,
                        },
                    ],
                },
            ),
        ),
        ExpressionStatement(
            DictComp(
                DictComp {
                    node: Node {
                        start: 133,
                        end: 169,
                    },
                    key: Constant(
                        Constant {
                            node: Node {
                                start: 134,
                                end: 135,
                            },
                            value: Int,
                        },
                    ),
                    value: Constant(
                        Constant {
                            node: Node {
                                start: 137,
                                end: 143,
                            },
                            value: Str(
                                Single,
                            ),
                        },
                    ),
                    generators: [
                        Comprehension {
                            node: Node {
                                start: 144,
                                end: 167,
                            },
                            target: Name(
                                Name {
                                    node: Node {
                                        start: 148,
                                        end: 152,
                                    },
                                    id: "name",
                                },
                            ),
                            iter: Call(
                                Call {
                                    node: Node {
                                        start: 156,
                                        end: 167,
                                    },
                                    func: Name(
                                        Name {
                                            node: Node {
                                                start: 156,
                                                end: 165,
                                            },
                                            id: "get_names",
                                        },
                                    ),
                                    args: [],
                                    keywords: [],
                                    starargs: None,
                                    kwargs: None,
                                },
                            ),
                            ifs: [],
                            is_async: false,
                        },
                    ],
                },
            ),
        ),
        AssignStatement(
            Assign {
                node: Node {
                    start: 171,
                    end: 336,
                },
                targets: [
                    Subscript(
                        Subscript {
                            node: Node {
                                start: 171,
                                end: 201,
                            },
                            value: Name(
                                Name {
                                    node: Node {
                                        start: 171,
                                        end: 191,
                                    },
                                    id: "aggregated_key_stats",
                                },
                            ),
                            slice: Name(
                                Name {
                                    node: Node {
                                        start: 192,
                                        end: 200,
                                    },
                                    id: "idx_stat",
                                },
                            ),
                        },
                    ),
                ],
                value: Dict(
                    Dict {
                        node: Node {
                            start: 204,
                            end: 336,
                        },
                        keys: [
                            Constant(
                                Constant {
                                    node: Node {
                                        start: 299,
                                        end: 307,
                                    },
                                    value: Str(
                                        Single,
                                    ),
                                },
                            ),
                            Constant(
                                Constant {
                                    node: Node {
                                        start: 321,
                                        end: 327,
                                    },
                                    value: Str(
                                        Single,
                                    ),
                                },
                            ),
                        ],
                        values: [
                            Name(
                                Name {
                                    node: Node {
                                        start: 212,
                                        end: 229,
                                    },
                                    id: "filter_value_NONE",
                                },
                            ),
                            Name(
                                Name {
                                    node: Node {
                                        start: 237,
                                        end: 253,
                                    },
                                    id: "filter_key_found",
                                },
                            ),
                            Name(
                                Name {
                                    node: Node {
                                        start: 261,
                                        end: 273,
                                    },
                                    id: "client_types",
                                },
                            ),
                            Name(
                                Name {
                                    node: Node {
                                        start: 281,
                                        end: 293,
                                    },
                                    id: "market_watch",
                                },
                            ),
                            Name(
                                Name {
                                    node: Node {
                                        start: 309,
                                        end: 315,
                                    },
                                    id: "symbol",
                                },
                            ),
                            Name(
                                Name {
                                    node: Node {
                                        start: 329,
                                        end: 333,
                                    },
                                    id: "name",
                                },
                            ),
                        ],
                    },
                ),
            },
        ),
        AssignStatement(
            Assign {
                node: Node {
                    start: 338,
                    end: 382,
                },
                targets: [
                    Name(
                        Name {
                            node: Node {
                                start: 338,
                                end: 340,
                            },
                            id: "di",
                        },
                    ),
                ],
                value: Dict(
                    Dict {
                        node: Node {
                            start: 343,
                            end: 382,
                        },
                        keys: [
                            Constant(
                                Constant {
                                    node: Node {
                                        start: 344,
                                        end: 345,
                                    },
                                    value: Int,
                                },
                            ),
                            Constant(
                                Constant {
                                    node: Node {
                                        start: 371,
                                        end: 372,
                                    },
                                    value: Int,
                                },
                            ),
                        ],
                        values: [
                            Constant(
                                Constant {
                                    node: Node {
                                        start: 347,
                                        end: 353,
                                    },
                                    value: Str(
                                        Single,
                                    ),
                                },
                            ),
                            Dict(
                                Dict {
                                    node: Node {
                                        start: 357,
                                        end: 369,
                                    },
                                    keys: [
                                        Constant(
                                            Constant {
                                                node: Node {
                                                    start: 358,
                                                    end: 359,
                                                },
                                                value: Int,
                                            },
                                        ),
                                    ],
                                    values: [
                                        Constant(
                                            Constant {
                                                node: Node {
                                                    start: 361,
                                                    end: 368,
                                                },
                                                value: Str(
                                                    Single,
                                                ),
                                            },
                                        ),
                                    ],
                                },
                            ),
                            Constant(
                                Constant {
                                    node: Node {
                                        start: 374,
                                        end: 381,
                                    },
                                    value: Str(
                                        Single,
                                    ),
                                },
                            ),
                        ],
                    },
                ),
            },
        ),
    ],
}
