---
source: parser/src/lexer/mod.rs
description: "_ = (\n    1,\n    2,\n)\n_ = {\n    1,\n    2,\n}\n_ = [\n    1,\n    2,\n]\n\n\ndef hello(\n    a,\n    b,\n): ...\n\n\nclass A(\n    object,\n):\n    pass\n"
input_file: parser/test_data/inputs/newlines.py
---
0,1: Identifier   (Str("_"))
2,3: =   (None)
4,5: (   (None)
5,6: NewLine   (None)
10,11: Integer   (Number("1"))
11,12: ,   (None)
12,13: NewLine   (None)
17,18: Integer   (Number("2"))
18,19: ,   (None)
19,20: NewLine   (None)
20,21: )   (None)
21,22: NewLine   (None)
22,23: Identifier   (Str("_"))
24,25: =   (None)
26,27: {   (None)
27,28: NewLine   (None)
32,33: Integer   (Number("1"))
33,34: ,   (None)
34,35: NewLine   (None)
39,40: Integer   (Number("2"))
40,41: ,   (None)
41,42: NewLine   (None)
42,43: }   (None)
43,44: NewLine   (None)
44,45: Identifier   (Str("_"))
46,47: =   (None)
48,49: [   (None)
49,50: NewLine   (None)
54,55: Integer   (Number("1"))
55,56: ,   (None)
56,57: NewLine   (None)
61,62: Integer   (Number("2"))
62,63: ,   (None)
63,64: NewLine   (None)
64,65: ]   (None)
65,66: NewLine   (None)
66,67: NewLine   (None)
67,68: NewLine   (None)
68,71: Def   (None)
72,77: Identifier   (Str("hello"))
77,78: (   (None)
78,79: NewLine   (None)
83,84: Identifier   (Str("a"))
84,85: ,   (None)
85,86: NewLine   (None)
90,91: Identifier   (Str("b"))
91,92: ,   (None)
92,93: NewLine   (None)
93,94: )   (None)
94,95: :   (None)
96,99: Ellipsis   (None)
99,100: NewLine   (None)
100,101: NewLine   (None)
101,102: NewLine   (None)
102,107: Class   (None)
108,109: Identifier   (Str("A"))
109,110: (   (None)
110,111: NewLine   (None)
115,121: Identifier   (Str("object"))
121,122: ,   (None)
122,123: NewLine   (None)
123,124: )   (None)
124,125: :   (None)
125,126: NewLine   (None)
126,130: Indent   (Indent(1))
130,134: Pass   (None)
134,135: NewLine   (None)
135,135: Dedent   (Indent(1))
