---
source: parser/src/parser/parser.rs
description: a if b else c if d else e
---
Module {
    node: Node {
        start: 0,
        end: 25,
    },
    body: [
        ExpressionStatement(
            IfExp(
                IfExp {
                    node: Node {
                        start: 25,
                        end: 0,
                    },
                    test: Name(
                        Name {
                            node: Node {
                                start: 5,
                                end: 6,
                            },
                            id: "b",
                            parenthesized: false,
                        },
                    ),
                    body: Name(
                        Name {
                            node: Node {
                                start: 0,
                                end: 1,
                            },
                            id: "a",
                            parenthesized: false,
                        },
                    ),
                    orelse: IfExp(
                        IfExp {
                            node: Node {
                                start: 25,
                                end: 0,
                            },
                            test: Name(
                                Name {
                                    node: Node {
                                        start: 17,
                                        end: 18,
                                    },
                                    id: "d",
                                    parenthesized: false,
                                },
                            ),
                            body: Name(
                                Name {
                                    node: Node {
                                        start: 12,
                                        end: 13,
                                    },
                                    id: "c",
                                    parenthesized: false,
                                },
                            ),
                            orelse: Name(
                                Name {
                                    node: Node {
                                        start: 24,
                                        end: 25,
                                    },
                                    id: "e",
                                    parenthesized: false,
                                },
                            ),
                        },
                    ),
                },
            ),
        ),
    ],
}
