---
source: parser/src/lexer/mod.rs
description: nonlocal not or pass raise return try while with yield
---
0,8: Nonlocal                          (None)
9,12: Not                                   (None)
13,15: Or                                    (None)
16,20: Pass                                (None)
21,26: Raise                              (None)
27,33: Return                            (None)
34,37: Try                                  (None)
38,43: While                              (None)
44,48: With                                (None)
49,54: Yield                              (None)
