---
source: parser/src/parser/parser.rs
description: "assert a, b"
---
Module {
    node: Node {
        start: 0,
        end: 11,
    },
    body: [
        Assert(
            Assert {
                node: Node {
                    start: 0,
                    end: 11,
                },
                test: Name(
                    Name {
                        node: Node {
                            start: 7,
                            end: 8,
                        },
                        id: "a",
                        parenthesized: false,
                    },
                ),
                msg: Some(
                    Name(
                        Name {
                            node: Node {
                                start: 10,
                                end: 11,
                            },
                            id: "b",
                            parenthesized: false,
                        },
                    ),
                ),
            },
        ),
    ],
}
