---
source: parser/src/lexer/mod.rs
description: "# a\n# a\n\n# a\n# b\ndef a(): ... # a\n\ndef b():\n    # a\n    ... # a\n\n# this is a comment only line\n"
input_file: parser/test_data/inputs/comments.py
---
0,3: Comment
3,4: NL
4,7: Comment
7,8: NL
8,9: NL
9,12: Comment
12,13: NL
13,16: Comment
16,17: NL
17,20: Def
21,22: Identifier   a
22,23: (
23,24: )
24,25: :
26,29: Ellipsis
30,33: Comment
33,34: NewLine
34,35: NL
35,38: Def
39,40: Identifier   b
40,41: (
41,42: )
42,43: :
43,44: NewLine
48,51: Comment
51,52: NL
52,56: Indent
56,59: Ellipsis
60,63: Comment
63,64: NewLine
64,65: NL
65,94: Comment
94,95: NL
95,95: Dedent
