---
source: typechecker/src/build.rs
description: "a: list[int] = [1, 2, 3]\n\nb = a[0] + 1\n\nc = a[0] + a[1]\n\n# invalid usage of types\nd = a[0] + \"str\"\n\n# valid reassignment\na = [1]\n# invalid reassignment\na = [1, 2, \"str\"]\n"
expression: result
---
8:86:98: Operator '+' not supported for types 'Int' and 'Str'
13:152:153: Cannot assign type 'builtins.list[Unknown]' to variable of type 'builtins.list[Int]'
