---
source: parser/src/parser/parser.rs
description: "f'hello_{a} {b}'"
---
Module {
    node: Node {
        start: 0,
        end: 16,
    },
    body: [
        ExpressionStatement(
            JoinedStr(
                JoinedStr {
                    node: Node {
                        start: 0,
                        end: 16,
                    },
                    values: [
                        Constant(
                            Constant {
                                node: Node {
                                    start: 0,
                                    end: 8,
                                },
                                value: "hello_",
                            },
                        ),
                        FormattedValue(
                            FormattedValue {
                                node: Node {
                                    start: 0,
                                    end: 0,
                                },
                                value: Name(
                                    Name {
                                        node: Node {
                                            start: 9,
                                            end: 10,
                                        },
                                        id: "a",
                                    },
                                ),
                                conversion: -1,
                                format_spec: None,
                            },
                        ),
                        Constant(
                            Constant {
                                node: Node {
                                    start: 0,
                                    end: 12,
                                },
                                value: " ",
                            },
                        ),
                        FormattedValue(
                            FormattedValue {
                                node: Node {
                                    start: 0,
                                    end: 0,
                                },
                                value: Name(
                                    Name {
                                        node: Node {
                                            start: 13,
                                            end: 14,
                                        },
                                        id: "b",
                                    },
                                ),
                                conversion: -1,
                                format_spec: None,
                            },
                        ),
                    ],
                },
            ),
        ),
    ],
}
