---
source: parser/src/parser/parser.rs
description: "def a[*T](): pass"
input_file: parser/test_data/inputs/one_liners/function_def.py
---
Module {
    node: Node {
        start: 0,
        end: 17,
    },
    body: [
        FunctionDef(
            FunctionDef {
                node: Node {
                    start: 0,
                    end: 17,
                },
                name: "a",
                args: Arguments {
                    node: Node {
                        start: 10,
                        end: 10,
                    },
                    posonlyargs: [],
                    args: [],
                    vararg: None,
                    kwonlyargs: [],
                    kw_defaults: [],
                    kwarg: None,
                    defaults: [],
                },
                body: [
                    Pass(
                        Pass {
                            node: Node {
                                start: 13,
                                end: 17,
                            },
                        },
                    ),
                ],
                decorator_list: [],
                returns: None,
                type_comment: None,
                type_params: [
                    TypeVarTuple(
                        TypeVarTuple {
                            node: Node {
                                start: 6,
                                end: 8,
                            },
                            name: "T",
                        },
                    ),
                ],
            },
        ),
    ],
}
