---
source: parser/src/parser/parser.rs
description: from ...
---
Module {
    node: Node {
        start: 0,
        end: 8,
    },
    body: [
        ImportFrom(
            ImportFrom {
                node: Node {
                    start: 0,
                    end: 8,
                },
                module: "None",
                names: [],
                level: 3,
            },
        ),
    ],
}
