---
source: parser/src/parser/parser.rs
description: "class a: pass"
input_file: parser/test_data/inputs/one_liners/class.py
---
Module {
    node: Node {
        start: 0,
        end: 13,
    },
    body: [
        ClassDef(
            ClassDef {
                node: Node {
                    start: 0,
                    end: 13,
                },
                name: "a",
                bases: [],
                keywords: [],
                body: [
                    Pass(
                        Pass {
                            node: Node {
                                start: 9,
                                end: 13,
                            },
                        },
                    ),
                ],
                decorator_list: [],
                type_params: [],
            },
        ),
    ],
}
