---
source: parser/src/parser/parser.rs
description: a > b
---
Module {
    node: Node {
        start: 0,
        end: 5,
    },
    body: [
        ExpressionStatement(
            Compare(
                Compare {
                    node: Node {
                        start: 0,
                        end: 5,
                    },
                    left: Name(
                        Name {
                            node: Node {
                                start: 0,
                                end: 1,
                            },
                            id: "a",
                        },
                    ),
                    ops: [
                        Gt,
                    ],
                    comparators: [
                        Name(
                            Name {
                                node: Node {
                                    start: 4,
                                    end: 5,
                                },
                                id: "b",
                            },
                        ),
                    ],
                },
            ),
        ),
    ],
}
