---
source: parser/src/parser/parser.rs
description: "b'a' b'b'"
---
Module {
    node: Node {
        start: 0,
        end: 9,
    },
    body: [
        ExpressionStatement(
            Constant(
                Constant {
                    node: Node {
                        start: 0,
                        end: 9,
                    },
                    value: [97, 98],
                },
            ),
        ),
    ],
}
