---
source: parser/src/parser/parser.rs
description: "{a for a in range(10) for b in range(10)}"
input_file: parser/test_data/inputs/one_liners/sets.py
---
Module {
    node: Node {
        start: 0,
        end: 41,
    },
    body: [
        ExpressionStatement(
            SetComp(
                SetComp {
                    node: Node {
                        start: 0,
                        end: 41,
                    },
                    element: Name(
                        Name {
                            node: Node {
                                start: 1,
                                end: 2,
                            },
                            id: "a",
                        },
                    ),
                    generators: [
                        Comprehension {
                            node: Node {
                                start: 3,
                                end: 21,
                            },
                            target: Name(
                                Name {
                                    node: Node {
                                        start: 7,
                                        end: 8,
                                    },
                                    id: "a",
                                },
                            ),
                            iter: Call(
                                Call {
                                    node: Node {
                                        start: 12,
                                        end: 21,
                                    },
                                    func: Name(
                                        Name {
                                            node: Node {
                                                start: 12,
                                                end: 17,
                                            },
                                            id: "range",
                                        },
                                    ),
                                    args: [
                                        Constant(
                                            Constant {
                                                node: Node {
                                                    start: 18,
                                                    end: 20,
                                                },
                                                value: 10,
                                            },
                                        ),
                                    ],
                                    keywords: [],
                                    starargs: None,
                                    kwargs: None,
                                },
                            ),
                            ifs: [],
                            is_async: false,
                        },
                        Comprehension {
                            node: Node {
                                start: 22,
                                end: 40,
                            },
                            target: Name(
                                Name {
                                    node: Node {
                                        start: 26,
                                        end: 27,
                                    },
                                    id: "b",
                                },
                            ),
                            iter: Call(
                                Call {
                                    node: Node {
                                        start: 31,
                                        end: 40,
                                    },
                                    func: Name(
                                        Name {
                                            node: Node {
                                                start: 31,
                                                end: 36,
                                            },
                                            id: "range",
                                        },
                                    ),
                                    args: [
                                        Constant(
                                            Constant {
                                                node: Node {
                                                    start: 37,
                                                    end: 39,
                                                },
                                                value: 10,
                                            },
                                        ),
                                    ],
                                    keywords: [],
                                    starargs: None,
                                    kwargs: None,
                                },
                            ),
                            ifs: [],
                            is_async: false,
                        },
                    ],
                },
            ),
        ),
    ],
}
