---
source: parser/src/parser/parser.rs
description: "f'a' 'b' 'c'"
---
Module {
    node: Node {
        start: 0,
        end: 12,
    },
    body: [
        ExpressionStatement(
            JoinedStr(
                JoinedStr {
                    node: Node {
                        start: 0,
                        end: 12,
                    },
                    values: [
                        Constant(
                            Constant {
                                node: Node {
                                    start: 0,
                                    end: 3,
                                },
                                value: "a",
                            },
                        ),
                        Constant(
                            Constant {
                                node: Node {
                                    start: 0,
                                    end: 8,
                                },
                                value: "b",
                            },
                        ),
                        Constant(
                            Constant {
                                node: Node {
                                    start: 0,
                                    end: 12,
                                },
                                value: "c",
                            },
                        ),
                    ],
                },
            ),
        ),
    ],
}
