---
source: parser/src/parser/parser.rs
description: "def a[T: U, **V](): pass"
input_file: parser/test_data/inputs/one_liners/function_def.py
---
Module {
    node: Node {
        start: 0,
        end: 24,
    },
    body: [
        FunctionDef(
            FunctionDef {
                node: Node {
                    start: 0,
                    end: 24,
                },
                name: "a",
                args: Arguments {
                    node: Node {
                        start: 17,
                        end: 17,
                    },
                    posonlyargs: [],
                    args: [],
                    vararg: None,
                    kwonlyargs: [],
                    kw_defaults: [],
                    kwarg: None,
                    defaults: [],
                },
                body: [
                    Pass(
                        Pass {
                            node: Node {
                                start: 20,
                                end: 24,
                            },
                        },
                    ),
                ],
                decorator_list: [],
                returns: None,
                type_comment: None,
                type_params: [
                    TypeVar(
                        TypeVar {
                            node: Node {
                                start: 6,
                                end: 10,
                            },
                            name: "T",
                            bound: Some(
                                Name(
                                    Name {
                                        node: Node {
                                            start: 9,
                                            end: 10,
                                        },
                                        id: "U",
                                    },
                                ),
                            ),
                        },
                    ),
                    ParamSpec(
                        ParamSpec {
                            node: Node {
                                start: 12,
                                end: 15,
                            },
                            name: "V",
                        },
                    ),
                ],
            },
        ),
    ],
}
