---
source: parser/src/parser/parser.rs
description: "class a[T, *U, **V]: pass"
input_file: parser/test_data/inputs/one_liners/class.py
---
Module {
    node: Node {
        start: 0,
        end: 25,
    },
    body: [
        ClassDef(
            ClassDef {
                node: Node {
                    start: 0,
                    end: 25,
                },
                name: "a",
                bases: [],
                keywords: [],
                body: [
                    Pass(
                        Pass {
                            node: Node {
                                start: 21,
                                end: 25,
                            },
                        },
                    ),
                ],
                decorator_list: [],
                type_params: [
                    TypeVar(
                        TypeVar {
                            node: Node {
                                start: 8,
                                end: 9,
                            },
                            name: "T",
                            bound: None,
                        },
                    ),
                    TypeVarTuple(
                        TypeVarTuple {
                            node: Node {
                                start: 11,
                                end: 13,
                            },
                            name: "U",
                        },
                    ),
                    ParamSpec(
                        ParamSpec {
                            node: Node {
                                start: 15,
                                end: 18,
                            },
                            name: "V",
                        },
                    ),
                ],
            },
        ),
    ],
}
