---
source: typechecker/src/build.rs
description: "a = 'hello world'\nb = a + \"!\"\n\nc: int = 1\n\nf: str = \"hello\"\n"
expression: result
---
Symbols in global
a
 declaration: Variable
 flags: SymbolFlags(0x0)
- Declarations:
--:   Variable
b
 declaration: Variable
 flags: SymbolFlags(0x0)
- Declarations:
--:   Variable
c
 declaration: Variable
 flags: SymbolFlags(0x0)
- Declarations:
--:   Variable
f
 declaration: Variable
 flags: SymbolFlags(0x0)
- Declarations:
--:   Variable

Scopes:

Scope global
