---
source: typechecker/src/build.rs
description: "class c:\n    def __init__(self):\n        a = 1\n        b = a\n        self.c = b\n"
expression: result
input_file: typechecker/test_data/inputs/symbol_table/class_definition.py
---
Symbols in __init__
a
SymbolFlags(
    0x0,
)
- Declarations:
--:   Variable declaration at Node { start: 41, end: 46 } in scope id: 973
b
SymbolFlags(
    0x0,
)
- Declarations:
--:   Variable declaration at Node { start: 55, end: 60 } in scope id: 973
self
SymbolFlags(
    0x0,
)
- Declarations:
--:   Parameter declaration at Node { start: 26, end: 30 } in scope id: 973

Symbols in c
__init__
SymbolFlags(
    0x0,
)
- Declarations:
--:   Function declaration at Node { start: 13, end: 80 } in scope id: 972
c
SymbolFlags(
    INSTANCE_MEMBER,
)
- Declarations:
--:   Variable declaration at Node { start: 69, end: 75 } in scope id: 973

Symbols in global
c
SymbolFlags(
    0x0,
)
- Declarations:
--:   Class declaration at Node { start: 0, end: 80 } in scope id: 0

Scopes:

Scope __init__
Scope c
Scope global

