---
source: typechecker/src/build.rs
description: "import variables\nimport import_test\n\nfrom variables import a\nfrom variables import *\n\nimport os.path\n\nfrom os import *\n\nfrom os.path import join\n"
expression: result
---
Symbols in global
* SymbolFlags(0x0)
- Declarations:
--:   Alias
a SymbolFlags(0x0)
- Declarations:
--:   Alias
import_test SymbolFlags(0x0)
- Declarations:
--:   Alias
join SymbolFlags(0x0)
- Declarations:
--:   Alias
os.path SymbolFlags(0x0)
- Declarations:
--:   Alias
variables SymbolFlags(0x0)
- Declarations:
--:   Alias

Scopes:

Scope global
