---
source: typechecker/src/type_check/type_evaluator.rs
description: "from typing import Union, Literal\nfrom enum import Enum\n\nclass Empty(Enum):\n    token = 0\n\na: Union[str, int]\n\nb: str | None\n\nc: Union[str, int, None]\n\n# failing test enable after handling Union types with more than 2 types\nc: str | Empty | None\n\nc: str | Empty | None | int\n"
expression: result
input_file: typechecker/test_data/inputs/union.py
---
[
    (
        "(line: 10, character: 3):(line: 10, character: 24)",
        MultiValue(
            [
                Unknown,
                Unknown,
                None,
            ],
        ),
    ),
    (
        "(line: 13, character: 3):(line: 13, character: 21)",
        MultiValue(
            [
                Unknown,
                Unknown,
                None,
            ],
        ),
    ),
    (
        "(line: 15, character: 3):(line: 15, character: 27)",
        MultiValue(
            [
                None,
                Unknown,
                Unknown,
                Unknown,
            ],
        ),
    ),
    (
        "(line: 4, character: 12):(line: 4, character: 13)",
        Int,
    ),
    (
        "(line: 6, character: 3):(line: 6, character: 18)",
        MultiValue(
            [
                Unknown,
                Unknown,
            ],
        ),
    ),
    (
        "(line: 8, character: 3):(line: 8, character: 13)",
        MultiValue(
            [
                Unknown,
                None,
            ],
        ),
    ),
]
