---
source: typechecker/src/build.rs
description: "a = 'hello world'\nb = a + \"!\"\n\nc: int = 1\n\nf: str = \"hello\"\n"
expression: result
input_file: typechecker/test_data/inputs/symbol_table/simple_var_assignment.py
---
Symbols in global
a
SymbolFlags(
    0x0,
)
- Declarations:
--:   Variable
b
SymbolFlags(
    0x0,
)
- Declarations:
--:   Variable
c
SymbolFlags(
    0x0,
)
- Declarations:
--:   Variable
f
SymbolFlags(
    0x0,
)
- Declarations:
--:   Variable

Scopes:

Scope global

