---
source: typechecker/src/build.rs
description: "def func(a ,b , /, c = 2, **e): pass\n"
expression: result
input_file: typechecker/test_data/inputs/symbol_table/function_definition.py
---
Symbols in func
a
SymbolFlags(
    0x0,
)
- Declarations:
--:   Parameter
b
SymbolFlags(
    0x0,
)
- Declarations:
--:   Parameter
c
SymbolFlags(
    0x0,
)
- Declarations:
--:   Parameter
e
SymbolFlags(
    0x0,
)
- Declarations:
--:   Parameter

Symbols in global
func
SymbolFlags(
    0x0,
)
- Declarations:
--:   Function

Scopes:

Scope func
Scope global

