---
source: typechecker/src/type_check/type_evaluator.rs
description: "1: def func(x):\n2:     return x + 1\n"
expression: result
input_file: typechecker/test_data/inputs/any.py
---
Line 2:     return x + 1

Expr types in the line --->:
        "x" => Unknown
        "1" => Int
        "x + 1" => Int

---

