---
source: typechecker/src/type_check/type_evaluator.rs
description: "def function() -> int:\n    return 1\n\na = function()\nb = function() + \"1\"\nc = a + 1\nd = function() + 1\n\nfunction + 1\n"
expression: result
input_file: typechecker/test_data/inputs/type_check_call.py
---
'1': Int
'function()': Unknown
'function() + "1"': Unknown
'a + 1': Int
'function() + 1': Int
'function': Callable(CallableType { name: "function", arguments: Arguments { node: Node { start: 13, end: 13 }, posonlyargs: [], args: [], vararg: None, kwonlyargs: [], kw_defaults: [], kwarg: None, defaults: [] }, return_type: Unknown })
'1': Int
