---
source: src/lexer.rs
description: 0e0 0e-1 0e+2 0e+3j 0e+3J
---
[
    Token {
        kind: ExponentFloat,
        value: Number(
            "0e0",
        ),
    },
    Token {
        kind: ExponentFloat,
        value: Number(
            "0e-1",
        ),
    },
    Token {
        kind: ExponentFloat,
        value: Number(
            "0e+2",
        ),
    },
    Token {
        kind: ImaginaryExponentFloat,
        value: Number(
            "0e+3j",
        ),
    },
    Token {
        kind: ImaginaryExponentFloat,
        value: Number(
            "0e+3J",
        ),
    },
]
