---
source: src/parser.rs
description: a or b
---
Module {
    node: Node {
        start: 0,
        end: 6,
    },
    body: [
        ExpressionStatement(
            BoolOp(
                BoolOperation {
                    node: Node {
                        start: 6,
                        end: 6,
                    },
                    op: Or,
                    values: [
                        Name(
                            Name {
                                node: Node {
                                    start: 0,
                                    end: 1,
                                },
                                id: "a",
                            },
                        ),
                        Name(
                            Name {
                                node: Node {
                                    start: 5,
                                    end: 6,
                                },
                                id: "b",
                            },
                        ),
                    ],
                },
            ),
        ),
    ],
}
